$ devecocli build --product default --build-mode debug

[ohpm install] Running...
[32minstall completed in 0s 218ms[39m

[hvigor sync] Skipped (configurations unchanged)

[hvigor build] Running...
> hvigor [32mhvigor client: Starting hvigor daemon.[39m
> hvigor [32mHvigor Daemon started in 1.48 s[39m
> hvigor [32mFinished ::PreBuildApp... after 2 ms [39m
> hvigor [32mFinished :entry:default@PreBuild... after 291 ms [39m
> hvigor [32mFinished ::DuplicateDependencyCheck... after 1 ms [39m
> hvigor [32mFinished :entry:default@CreateModuleInfo... after 3 ms [39m
> hvigor [32mFinished :entry:default@GenerateMetadata... after 10 ms [39m
> hvigor [32mFinished :entry:default@ConfigureCmake... after 1 ms [39m
> hvigor [32mFinished :entry:default@MergeProfile... after 10 ms [39m
> hvigor [32mFinished :entry:default@CreateBuildProfile... after 9 ms [39m
> hvigor [32mFinished :entry:default@PreCheckSyscap... after 2 ms [39m
> hvigor [32mFinished :entry:default@GeneratePkgContextInfo... after 20 ms [39m
> hvigor [32mFinished :entry:default@GeneratePkgSdkInfo... after 6 ms [39m
> hvigor [32mFinished :entry:default@ProcessIntegratedHsp... after 2 ms [39m
> hvigor [32mFinished :entry:default@BuildNativeWithCmake... after 2 ms [39m
> hvigor [32mFinished :entry:default@MakePackInfo... after 13 ms [39m
> hvigor [32mFinished :entry:default@SyscapTransform... after 5 ms [39m
> hvigor [32mFinished :entry:default@ProcessProfile... after 2 s 217 ms [39m
> hvigor [32mFinished :entry:default@ProcessRouterMap... after 14 ms [39m
> hvigor [32mFinished :entry:default@ProcessShareConfig... after 12 ms [39m
> hvigor [32mFinished :entry:default@ProcessStartupConfig... after 6 ms [39m
> hvigor [32mFinished :entry:default@BuildNativeWithNinja... after 5 ms [39m
> hvigor [32mFinished :entry:default@ProcessResource... after 15 ms [39m
> hvigor [32mFinished :entry:default@GenerateLoaderJson... after 26 ms [39m
> hvigor [32mFinished :entry:default@ProcessLibs... after 18 ms [39m
> hvigor [32mFinished :entry:default@CompileResource... after 6 s 768 ms [39m
> hvigor [32mFinished :entry:default@DoNativeStrip... after 6 ms [39m
> hvigor [32mFinished :entry:default@BuildJS... after 11 ms [39m
> hvigor [32mFinished :entry:default@CacheNativeLibs... after 383 ms [39m
> hvigor [32mFinished :entry:default@CompileArkTS... after 14 s 325 ms [39m
> hvigor [32mFinished :entry:default@GeneratePkgModuleJson... after 8 ms [39m
> hvigor [32mFinished :entry:default@ProcessCompiledResources... after 2 ms [39m
> hvigor [32mFinished :entry:default@PackageHap... after 7 s 203 ms [39m
> hvigor [32mFinished :entry:default@PackingCheck... after 23 ms [39m
> hvigor [32mFinished :entry:default@SignHap... after 5 ms [39m
> hvigor [32mFinished :entry:default@CollectDebugSymbol... after 5 ms [39m
> hvigor [32mFinished :entry:assembleHap... after 2 ms [39m
> hvigor [32mFinished ::MakeProjectPackInfo... after 21 ms [39m
> hvigor [32mFinished ::ProcessProjectPrivacyProfile... after 17 ms [39m
> hvigor [32mFinished ::GeneratePackRes... after 2 ms [39m
> hvigor [32mFinished ::PackageApp... after 8 s 83 ms [39m
> hvigor [32mFinished ::SignPackagesFromApp... after 3 ms [39m
> hvigor [32mFinished ::SignApp... after 3 ms [39m
> hvigor [32mFinished ::assembleApp... after 1 ms [39m
> hvigor [32mBUILD SUCCESSFUL in 58 s 999 ms [39m

42 tasks in total: 42 executed, 0 up-to-date
[32m
Merged central compile_commands.json for C++ language server.[39m

[32mBuild completed successfully[39m

[33mEnsure the project source is trustworthy before proceeding.[39m
> hvigor [33mWARN: Will skip sign 'hos_hap'. No signingConfigs profile is configured in current project.
             If needed, configure the signingConfigs in D:\HW\testproject\complete\4\build-profile.json5.[39m
> hvigor [33mWARN: Will skip sign 'app'. No signingConfigs profile is configured in current project.
             If needed, configure the signingConfigs in D:\HW\testproject\complete\4\build-profile.json5.[39m
