$ devecocli build --product default --build-mode debug

[ohpm install] Running...
[32minstall completed in 0s 177ms[39m

[hvigor sync] Skipped (configurations unchanged)

[hvigor build] Running...
> hvigor [32mFinished ::PreBuildApp... after 1 ms [39m
> hvigor [32mUP-TO-DATE :entry:default@PreBuild...  [39m
> hvigor [32mFinished ::DuplicateDependencyCheck... after 1 ms [39m
> hvigor [32mFinished :entry:default@CreateModuleInfo... after 1 ms [39m
> hvigor [32mUP-TO-DATE :entry:default@GenerateMetadata...  [39m
> hvigor [32mFinished :entry:default@ConfigureCmake... after 1 ms [39m
> hvigor [32mUP-TO-DATE :entry:default@MergeProfile...  [39m
> hvigor [32mUP-TO-DATE :entry:default@CreateBuildProfile...  [39m
> hvigor [32mFinished :entry:default@PreCheckSyscap... after 1 ms [39m
> hvigor [32mUP-TO-DATE :entry:default@GeneratePkgContextInfo...  [39m
> hvigor [32mFinished :entry:default@GeneratePkgSdkInfo... after 5 ms [39m
> hvigor [32mFinished :entry:default@ProcessIntegratedHsp... after 1 ms [39m
> hvigor [32mFinished :entry:default@BuildNativeWithCmake... after 1 ms [39m
> hvigor [32mUP-TO-DATE :entry:default@MakePackInfo...  [39m
> hvigor [32mFinished :entry:default@SyscapTransform... after 4 ms [39m
> hvigor [32mUP-TO-DATE :entry:default@ProcessProfile...  [39m
> hvigor [32mUP-TO-DATE :entry:default@ProcessRouterMap...  [39m
> hvigor [32mUP-TO-DATE :entry:default@ProcessShareConfig...  [39m
> hvigor [32mFinished :entry:default@ProcessStartupConfig... after 2 ms [39m
> hvigor [32mFinished :entry:default@BuildNativeWithNinja... after 1 ms [39m
> hvigor [32mUP-TO-DATE :entry:default@ProcessResource...  [39m
> hvigor [32mUP-TO-DATE :entry:default@GenerateLoaderJson...  [39m
> hvigor [32mUP-TO-DATE :entry:default@ProcessLibs...  [39m
> hvigor [32mUP-TO-DATE :entry:default@CompileResource...  [39m
> hvigor [32mUP-TO-DATE :entry:default@DoNativeStrip...  [39m
> hvigor [32mUP-TO-DATE :entry:default@CompileArkTS...  [39m
> hvigor [32mFinished :entry:default@BuildJS... after 3 ms [39m
> hvigor [32mUP-TO-DATE :entry:default@CacheNativeLibs...  [39m
> hvigor [32mUP-TO-DATE :entry:default@GeneratePkgModuleJson...  [39m
> hvigor [32mFinished :entry:default@ProcessCompiledResources... after 1 ms [39m
> hvigor [32mUP-TO-DATE :entry:default@PackageHap...  [39m
> hvigor [32mFinished :entry:default@PackingCheck... after 5 ms [39m
> hvigor [32mFinished :entry:default@SignHap... after 2 ms [39m
> hvigor [32mFinished :entry:default@CollectDebugSymbol... after 3 ms [39m
> hvigor [32mFinished :entry:assembleHap... after 1 ms [39m
> hvigor [32mUP-TO-DATE ::MakeProjectPackInfo...  [39m
> hvigor [32mUP-TO-DATE ::ProcessProjectPrivacyProfile...  [39m
> hvigor [32mUP-TO-DATE ::GeneratePackRes...  [39m
> hvigor [32mFinished ::PackageApp... after 895 ms [39m
> hvigor [32mFinished ::SignPackagesFromApp... after 2 ms [39m
> hvigor [32mFinished ::SignApp... after 2 ms [39m
> hvigor [32mFinished ::assembleApp... after 1 ms [39m
> hvigor [32mBUILD SUCCESSFUL in 1 s 285 ms [39m

42 tasks in total: 21 executed, 21 up-to-date
[32m
Merged central compile_commands.json for C++ language server.[39m

[32mBuild completed successfully[39m

[33mEnsure the project source is trustworthy before proceeding.[39m
> hvigor [33mWARN: Will skip sign 'hos_hap'. No signingConfigs profile is configured in current project.
             If needed, configure the signingConfigs in D:\HW\testproject\complete\8\ImmersiveLightDemo\build-profile.json5.[39m
> hvigor [33mWARN: Will skip sign 'app'. No signingConfigs profile is configured in current project.
             If needed, configure the signingConfigs in D:\HW\testproject\complete\8\ImmersiveLightDemo\build-profile.json5.[39m
