$ devecocli build --product default --build-mode debug

[ohpm install] Running...
[32minstall completed in 0s 209ms[39m

[hvigor sync] Skipped (configurations unchanged)

[hvigor build] Running...
> hvigor [32mhvigor client: Starting hvigor daemon.[39m
> hvigor [32mHvigor Daemon started in 1.66 s[39m
> hvigor [32mFinished ::PreBuildApp... after 2 ms [39m
> hvigor [32mFinished :entry:default@PreBuild... after 351 ms [39m
> hvigor [32mFinished ::DuplicateDependencyCheck... after 1 ms [39m
> hvigor [32mFinished :entry:default@CreateModuleInfo... after 2 ms [39m
> hvigor [32mFinished :entry:default@GenerateMetadata... after 12 ms [39m
> hvigor [32mFinished :entry:default@ConfigureCmake... after 5 ms [39m
> hvigor [32mFinished :entry:default@MergeProfile... after 15 ms [39m
> hvigor [32mFinished :entry:default@CreateBuildProfile... after 6 ms [39m
> hvigor [32mFinished :entry:default@PreCheckSyscap... after 2 ms [39m
> hvigor [32mFinished :entry:default@GeneratePkgContextInfo... after 16 ms [39m
> hvigor [32mFinished :entry:default@GeneratePkgSdkInfo... after 14 ms [39m
> hvigor [32mFinished :entry:default@ProcessIntegratedHsp... after 2 ms [39m
> hvigor [32mFinished :entry:default@BuildNativeWithCmake... after 1 ms [39m
> hvigor [32mFinished :entry:default@MakePackInfo... after 11 ms [39m
> hvigor [32mFinished :entry:default@SyscapTransform... after 5 ms [39m
> hvigor [32mFinished :entry:default@ProcessProfile... after 1 s 926 ms [39m
> hvigor [32mFinished :entry:default@ProcessRouterMap... after 8 ms [39m
> hvigor [32mFinished :entry:default@ProcessShareConfig... after 7 ms [39m
> hvigor [32mFinished :entry:default@ProcessStartupConfig... after 4 ms [39m
> hvigor [32mFinished :entry:default@BuildNativeWithNinja... after 4 ms [39m
> hvigor [32mFinished :entry:default@ProcessResource... after 8 ms [39m
> hvigor [32mFinished :entry:default@GenerateLoaderJson... after 19 ms [39m
> hvigor [32mFinished :entry:default@ProcessLibs... after 13 ms [39m
> hvigor [32mFinished :entry:default@CompileResource... after 8 s 843 ms [39m
> hvigor [32mFinished :entry:default@DoNativeStrip... after 6 ms [39m
> hvigor [32mFinished :entry:default@BuildJS... after 5 ms [39m
> hvigor [32mFinished :entry:default@CacheNativeLibs... after 126 ms [39m
> hvigor [32mFinished :entry:default@CompileArkTS... after 12 s 111 ms [39m
> hvigor [32mFinished :entry:default@GeneratePkgModuleJson... after 8 ms [39m
> hvigor [32mFinished :entry:default@ProcessCompiledResources... after 3 ms [39m
> hvigor [32mFinished :entry:default@PackageHap... after 4 s 234 ms [39m
> hvigor [32mFinished :entry:default@PackingCheck... after 17 ms [39m
> hvigor [32mFinished :entry:default@SignHap... after 7 ms [39m
> hvigor [32mFinished :entry:default@CollectDebugSymbol... after 3 ms [39m
> hvigor [32mFinished :entry:assembleHap... after 1 ms [39m
> hvigor [32mFinished ::MakeProjectPackInfo... after 14 ms [39m
> hvigor [32mFinished ::ProcessProjectPrivacyProfile... after 19 ms [39m
> hvigor [32mFinished ::GeneratePackRes... after 2 ms [39m
> hvigor [32mFinished ::PackageApp... after 3 s 966 ms [39m
> hvigor [32mFinished ::SignPackagesFromApp... after 4 ms [39m
> hvigor [32mFinished ::SignApp... after 4 ms [39m
> hvigor [32mFinished ::assembleApp... after 1 ms [39m
> hvigor [32mBUILD SUCCESSFUL in 58 s 381 ms [39m

42 tasks in total: 42 executed, 0 up-to-date
[32m
Merged central compile_commands.json for C++ language server.[39m

[32mBuild completed successfully[39m

[33mEnsure the project source is trustworthy before proceeding.[39m
> hvigor [33mWARN: [33mWARN: [33m[33mArkTS:WARN File: D:/HW/testproject/complete/2/entry/src/main/ets/pages/Index.ets:88:5
 'AlertDialog' has been deprecated.
[39m[39m
[33mWARN: [33m[33mArkTS:WARN File: D:/HW/testproject/complete/2/entry/src/main/ets/pages/Index.ets:88:17
 'show' has been deprecated.
[39m[39m
[33mWARN: [33m[33mArkTS:WARN File: D:/HW/testproject/complete/2/entry/src/main/ets/pages/Index.ets:111:5
 'ActionSheet' has been deprecated.
[39m[39m
[33mWARN: [33m[33mArkTS:WARN File: D:/HW/testproject/complete/2/entry/src/main/ets/pages/Index.ets:111:17
 'show' has been deprecated.
[39m[39m
[39m
> hvigor [33mWARN: Will skip sign 'hos_hap'. No signingConfigs profile is configured in current project.
             If needed, configure the signingConfigs in D:\HW\testproject\complete\2\build-profile.json5.[39m
> hvigor [33mWARN: Will skip sign 'app'. No signingConfigs profile is configured in current project.
             If needed, configure the signingConfigs in D:\HW\testproject\complete\2\build-profile.json5.[39m
