$ devecocli build --product default --build-mode debug

[ohpm install] Running...
[32minstall completed in 0s 180ms[39m

[hvigor sync] Skipped (configurations unchanged)

[hvigor build] Running...
> hvigor [32mhvigor client: Starting hvigor daemon.[39m
> hvigor [32mHvigor Daemon started in 1.28 s[39m
> hvigor [32mFinished ::PreBuildApp... after 2 ms [39m
> hvigor [32mFinished :entry:default@PreBuild... after 271 ms [39m
> hvigor [32mFinished ::DuplicateDependencyCheck... after 1 ms [39m
> hvigor [32mFinished :entry:default@CreateModuleInfo... after 2 ms [39m
> hvigor [32mFinished :entry:default@GenerateMetadata... after 11 ms [39m
> hvigor [32mFinished :entry:default@ConfigureCmake... after 1 ms [39m
> hvigor [32mFinished :entry:default@MergeProfile... after 10 ms [39m
> hvigor [32mFinished :entry:default@CreateBuildProfile... after 6 ms [39m
> hvigor [32mFinished :entry:default@PreCheckSyscap... after 4 ms [39m
> hvigor [32mFinished :entry:default@GeneratePkgContextInfo... after 15 ms [39m
> hvigor [32mFinished :entry:default@GeneratePkgSdkInfo... after 6 ms [39m
> hvigor [32mFinished :entry:default@ProcessIntegratedHsp... after 4 ms [39m
> hvigor [32mFinished :entry:default@BuildNativeWithCmake... after 2 ms [39m
> hvigor [32mFinished :entry:default@MakePackInfo... after 20 ms [39m
> hvigor [32mFinished :entry:default@SyscapTransform... after 3 ms [39m
> hvigor [32mFinished :entry:default@ProcessProfile... after 358 ms [39m
> hvigor [32mFinished :entry:default@ProcessRouterMap... after 8 ms [39m
> hvigor [32mFinished :entry:default@ProcessShareConfig... after 6 ms [39m
> hvigor [32mFinished :entry:default@ProcessStartupConfig... after 4 ms [39m
> hvigor [32mFinished :entry:default@BuildNativeWithNinja... after 4 ms [39m
> hvigor [32mFinished :entry:default@ProcessResource... after 8 ms [39m
> hvigor [32mFinished :entry:default@GenerateLoaderJson... after 18 ms [39m
> hvigor [32mFinished :entry:default@ProcessLibs... after 12 ms [39m
> hvigor [32mFinished :entry:default@CompileResource... after 893 ms [39m
> hvigor [32mFinished :entry:default@DoNativeStrip... after 6 ms [39m
> hvigor [32mFinished :entry:default@BuildJS... after 6 ms [39m
> hvigor [32mFinished :entry:default@CacheNativeLibs... after 33 ms [39m
> hvigor [32mFinished :entry:default@CompileArkTS... after 7 s 928 ms [39m
> hvigor [32mFinished :entry:default@GeneratePkgModuleJson... after 7 ms [39m
> hvigor [32mFinished :entry:default@ProcessCompiledResources... after 2 ms [39m
> hvigor [32mFinished :entry:default@PackageHap... after 934 ms [39m
> hvigor [32mFinished :entry:default@PackingCheck... after 10 ms [39m
> hvigor [32mFinished :entry:default@SignHap... after 3 ms [39m
> hvigor [32mFinished :entry:default@CollectDebugSymbol... after 3 ms [39m
> hvigor [32mFinished :entry:assembleHap... after 1 ms [39m
> hvigor [32mFinished ::MakeProjectPackInfo... after 10 ms [39m
> hvigor [32mFinished ::ProcessProjectPrivacyProfile... after 10 ms [39m
> hvigor [32mFinished ::GeneratePackRes... after 1 ms [39m
> hvigor [32mFinished ::PackageApp... after 875 ms [39m
> hvigor [32mFinished ::SignPackagesFromApp... after 2 ms [39m
> hvigor [32mFinished ::SignApp... after 3 ms [39m
> hvigor [32mFinished ::assembleApp... after 1 ms [39m
> hvigor [32mBUILD SUCCESSFUL in 19 s 856 ms [39m

42 tasks in total: 42 executed, 0 up-to-date
[32m
Merged central compile_commands.json for C++ language server.[39m

[32mBuild completed successfully[39m

[33mEnsure the project source is trustworthy before proceeding.[39m
> hvigor [33mWARN: Will skip sign 'hos_hap'. No signingConfigs profile is configured in current project.
             If needed, configure the signingConfigs in D:\HW\testproject\complete\7\build-profile.json5.[39m
> hvigor [33mWARN: Will skip sign 'app'. No signingConfigs profile is configured in current project.
             If needed, configure the signingConfigs in D:\HW\testproject\complete\7\build-profile.json5.[39m
