$ devecocli build --product default --build-mode debug

[ohpm install] Running...
[32minstall completed in 0s 132ms[39m

[hvigor sync] Skipped (configurations unchanged)

[hvigor build] Running...
> hvigor [32mFinished ::PreBuildApp... after 1 ms [39m
> hvigor [32mFinished :entry:default@PreBuild... after 45 ms [39m
> hvigor [32mFinished ::DuplicateDependencyCheck... after 1 ms [39m
> hvigor [32mFinished :entry:default@CreateModuleInfo... after 2 ms [39m
> hvigor [32mFinished :entry:default@GenerateMetadata... after 6 ms [39m
> hvigor [32mFinished :entry:default@ConfigureCmake... after 1 ms [39m
> hvigor [32mFinished :entry:default@MergeProfile... after 6 ms [39m
> hvigor [32mFinished :entry:default@CreateBuildProfile... after 4 ms [39m
> hvigor [32mFinished :entry:default@PreCheckSyscap... after 1 ms [39m
> hvigor [32mFinished :entry:default@GeneratePkgContextInfo... after 7 ms [39m
> hvigor [32mFinished :entry:default@GeneratePkgSdkInfo... after 3 ms [39m
> hvigor [32mFinished :entry:default@ProcessIntegratedHsp... after 1 ms [39m
> hvigor [32mFinished :entry:default@BuildNativeWithCmake... after 1 ms [39m
> hvigor [32mFinished :entry:default@MakePackInfo... after 7 ms [39m
> hvigor [32mFinished :entry:default@SyscapTransform... after 2 ms [39m
> hvigor [32mFinished :entry:default@ProcessProfile... after 244 ms [39m
> hvigor [32mFinished :entry:default@ProcessRouterMap... after 7 ms [39m
> hvigor [32mFinished :entry:default@ProcessShareConfig... after 4 ms [39m
> hvigor [32mFinished :entry:default@ProcessStartupConfig... after 2 ms [39m
> hvigor [32mFinished :entry:default@BuildNativeWithNinja... after 3 ms [39m
> hvigor [32mFinished :entry:default@ProcessResource... after 6 ms [39m
> hvigor [32mFinished :entry:default@GenerateLoaderJson... after 13 ms [39m
> hvigor [32mFinished :entry:default@ProcessLibs... after 12 ms [39m
> hvigor [32mFinished :entry:default@CompileResource... after 394 ms [39m
> hvigor [32mFinished :entry:default@DoNativeStrip... after 5 ms [39m
> hvigor [32mFinished :entry:default@BuildJS... after 4 ms [39m
> hvigor [32mFinished :entry:default@CacheNativeLibs... after 20 ms [39m
> hvigor [32mFinished :entry:default@CompileArkTS... after 11 s 52 ms [39m
> hvigor [32mFinished :entry:default@GeneratePkgModuleJson... after 6 ms [39m
> hvigor [32mFinished :entry:default@ProcessCompiledResources... after 2 ms [39m
> hvigor [32mFinished :entry:default@PackageHap... after 1 s 368 ms [39m
> hvigor [32mFinished :entry:default@PackingCheck... after 15 ms [39m
> hvigor [32mFinished :entry:default@SignHap... after 3 ms [39m
> hvigor [32mFinished :entry:default@CollectDebugSymbol... after 3 ms [39m
> hvigor [32mFinished :entry:assembleHap... after 1 ms [39m
> hvigor [32mFinished ::MakeProjectPackInfo... after 12 ms [39m
> hvigor [32mFinished ::ProcessProjectPrivacyProfile... after 16 ms [39m
> hvigor [32mFinished ::GeneratePackRes... after 2 ms [39m
> hvigor [32mFinished ::PackageApp... after 1 s 349 ms [39m
> hvigor [32mFinished ::SignPackagesFromApp... after 2 ms [39m
> hvigor [32mFinished ::SignApp... after 2 ms [39m
> hvigor [32mFinished ::assembleApp... after 1 ms [39m
> hvigor [32mBUILD SUCCESSFUL in 18 s 655 ms [39m

42 tasks in total: 42 executed, 0 up-to-date
[32m
Merged central compile_commands.json for C++ language server.[39m

[32mBuild completed successfully[39m

[33mEnsure the project source is trustworthy before proceeding.[39m
> hvigor [33mWARN: Will skip sign 'hos_hap'. No signingConfigs profile is configured in current project.
             If needed, configure the signingConfigs in D:\HW\testproject\complete\6\build-profile.json5.[39m
> hvigor [33mWARN: Will skip sign 'app'. No signingConfigs profile is configured in current project.
             If needed, configure the signingConfigs in D:\HW\testproject\complete\6\build-profile.json5.[39m
