$ devecocli build --product default --build-mode debug

[ohpm install] Running...
[33mohpm WARN: [93m[1mSource code dependencies in project-level "oh-package.json5" are as follows, which could lead to circular dependencies reference.[22m[39m[33m
	 - "module_advertisement@file:./components/module_advertisement"
[39m[39m
[32minstall completed in 0s 814ms[39m

[hvigor sync] Skipped (configurations unchanged)

[hvigor build] Running...
> hvigor [32mFinished ::PreBuildApp... after 1 ms [39m
> hvigor [32mUP-TO-DATE :entry:default@PreBuild...  [39m
> hvigor [32mUP-TO-DATE :lib_foundation:default@PreBuild...  [39m
> hvigor [32mUP-TO-DATE :address_management:default@PreBuild...  [39m
> hvigor [32mUP-TO-DATE :aggregated_payment:default@PreBuild...  [39m
> hvigor [32mUP-TO-DATE :business_home:default@PreBuild...  [39m
> hvigor [32mUP-TO-DATE :module_template:default@PreBuild...  [39m
> hvigor [32mUP-TO-DATE :membership:default@PreBuild...  [39m
> hvigor [32mUP-TO-DATE :coupons:default@PreBuild...  [39m
> hvigor [32mUP-TO-DATE :business_order:default@PreBuild...  [39m
> hvigor [32mUP-TO-DATE :business_benefits:default@PreBuild...  [39m
> hvigor [32mUP-TO-DATE :business_mine:default@PreBuild...  [39m
> hvigor [32mUP-TO-DATE :module_auth:default@PreBuild...  [39m
> hvigor [32mUP-TO-DATE :collect_personal_info:default@PreBuild...  [39m
> hvigor [32mUP-TO-DATE :aggregated_login:default@PreBuild...  [39m
> hvigor [32mUP-TO-DATE :notice_center:default@PreBuild...  [39m
> hvigor [32mUP-TO-DATE :feedback:default@PreBuild...  [39m
> hvigor [32mUP-TO-DATE :app_setting:default@PreBuild...  [39m
> hvigor [32mUP-TO-DATE :module_advertisement:default@PreBuild...  [39m
> hvigor [32mFinished ::DuplicateDependencyCheck... after 1 ms [39m
> hvigor [32mFinished :entry:default@CreateModuleInfo... after 1 ms [39m
> hvigor [32mUP-TO-DATE :entry:default@GenerateMetadata...  [39m
> hvigor [32mFinished :entry:default@PreCheckSyscap... after 1 ms [39m
> hvigor [32mUP-TO-DATE :entry:default@GeneratePkgContextInfo...  [39m
> hvigor [32mFinished :entry:default@GeneratePkgSdkInfo... after 6 ms [39m
> hvigor [32mFinished :entry:default@ProcessIntegratedHsp... after 2 ms [39m
> hvigor [32mUP-TO-DATE :address_management:default@CreateHarBuildProfile...  [39m
> hvigor [32mFinished :address_management:default@ConfigureCmake... after 1 ms [39m
> hvigor [32mUP-TO-DATE :address_management:default@MergeProfile...  [39m
> hvigor [32mUP-TO-DATE :aggregated_payment:default@CreateHarBuildProfile...  [39m
> hvigor [32mFinished :aggregated_payment:default@ConfigureCmake... after 1 ms [39m
> hvigor [32mUP-TO-DATE :aggregated_payment:default@MergeProfile...  [39m
> hvigor [32mUP-TO-DATE :membership:default@CreateHarBuildProfile...  [39m
> hvigor [32mFinished :membership:default@ConfigureCmake... after 1 ms [39m
> hvigor [32mUP-TO-DATE :membership:default@MergeProfile...  [39m
> hvigor [32mUP-TO-DATE :coupons:default@CreateHarBuildProfile...  [39m
> hvigor [32mFinished :coupons:default@ConfigureCmake... after 1 ms [39m
> hvigor [32mUP-TO-DATE :coupons:default@MergeProfile...  [39m
> hvigor [32mUP-TO-DATE :module_auth:default@CreateHarBuildProfile...  [39m
> hvigor [32mFinished :module_auth:default@ConfigureCmake... after 1 ms [39m
> hvigor [32mUP-TO-DATE :module_auth:default@MergeProfile...  [39m
> hvigor [32mUP-TO-DATE :collect_personal_info:default@CreateHarBuildProfile...  [39m
> hvigor [32mFinished :collect_personal_info:default@ConfigureCmake... after 1 ms [39m
> hvigor [32mUP-TO-DATE :collect_personal_info:default@MergeProfile...  [39m
> hvigor [32mUP-TO-DATE :aggregated_login:default@CreateHarBuildProfile...  [39m
> hvigor [32mFinished :aggregated_login:default@ConfigureCmake... after 1 ms [39m
> hvigor [32mUP-TO-DATE :aggregated_login:default@MergeProfile...  [39m
> hvigor [32mUP-TO-DATE :notice_center:default@CreateHarBuildProfile...  [39m
> hvigor [32mFinished :notice_center:default@ConfigureCmake... after 1 ms [39m
> hvigor [32mUP-TO-DATE :notice_center:default@MergeProfile...  [39m
> hvigor [32mUP-TO-DATE :feedback:default@CreateHarBuildProfile...  [39m
> hvigor [32mFinished :feedback:default@ConfigureCmake... after 1 ms [39m
> hvigor [32mUP-TO-DATE :feedback:default@MergeProfile...  [39m
> hvigor [32mUP-TO-DATE :app_setting:default@CreateHarBuildProfile...  [39m
> hvigor [32mFinished :app_setting:default@ConfigureCmake... after 1 ms [39m
> hvigor [32mUP-TO-DATE :app_setting:default@MergeProfile...  [39m
> hvigor [32mUP-TO-DATE :module_advertisement:default@CreateHarBuildProfile...  [39m
> hvigor [32mFinished :module_advertisement:default@ConfigureCmake... after 1 ms [39m
> hvigor [32mUP-TO-DATE :module_advertisement:default@MergeProfile...  [39m
> hvigor [32mFinished :entry:default@SyscapTransform... after 2 ms [39m
> hvigor [32mUP-TO-DATE :entry:default@ProcessRouterMap...  [39m
> hvigor [32mUP-TO-DATE :entry:default@ProcessShareConfig...  [39m
> hvigor [32mFinished :entry:default@ProcessStartupConfig... after 9 ms [39m
> hvigor [32mFinished :address_management:default@BuildNativeWithCmake... after 1 ms [39m
> hvigor [32mUP-TO-DATE :lib_foundation:default@CreateHarBuildProfile...  [39m
> hvigor [32mFinished :aggregated_payment:default@BuildNativeWithCmake... after 1 ms [39m
> hvigor [32mUP-TO-DATE :lib_foundation:default@MergeProfile...  [39m
> hvigor [32mFinished :membership:default@BuildNativeWithCmake... after 1 ms [39m
> hvigor [32mFinished :coupons:default@BuildNativeWithCmake... after 1 ms [39m
> hvigor [32mFinished :module_auth:default@BuildNativeWithCmake... after 1 ms [39m
> hvigor [32mFinished :collect_personal_info:default@BuildNativeWithCmake... after 1 ms [39m
> hvigor [32mFinished :aggregated_login:default@BuildNativeWithCmake... after 1 ms [39m
> hvigor [32mFinished :notice_center:default@BuildNativeWithCmake... after 1 ms [39m
> hvigor [32mFinished :feedback:default@BuildNativeWithCmake... after 1 ms [39m
> hvigor [32mFinished :app_setting:default@BuildNativeWithCmake... after 1 ms [39m
> hvigor [32mFinished :module_advertisement:default@BuildNativeWithCmake... after 1 ms [39m
> hvigor [32mUP-TO-DATE :entry:default@GenerateLoaderJson...  [39m
> hvigor [32mFinished :address_management:default@BuildNativeWithNinja... after 1 ms [39m
> hvigor [32mUP-TO-DATE :business_mine:default@CreateHarBuildProfile...  [39m
> hvigor [32mUP-TO-DATE :module_template:default@CreateHarBuildProfile...  [39m
> hvigor [32mUP-TO-DATE :business_benefits:default@CreateHarBuildProfile...  [39m
> hvigor [32mFinished :lib_foundation:default@ConfigureCmake... after 1 ms [39m
> hvigor [32mFinished :aggregated_payment:default@BuildNativeWithNinja... after 1 ms [39m
> hvigor [32mUP-TO-DATE :business_mine:default@MergeProfile...  [39m
> hvigor [32mUP-TO-DATE :module_template:default@MergeProfile...  [39m
> hvigor [32mUP-TO-DATE :business_benefits:default@MergeProfile...  [39m
> hvigor [32mFinished :membership:default@BuildNativeWithNinja... after 1 ms [39m
> hvigor [32mFinished :coupons:default@BuildNativeWithNinja... after 1 ms [39m
> hvigor [32mFinished :module_auth:default@BuildNativeWithNinja... after 1 ms [39m
> hvigor [32mFinished :collect_personal_info:default@BuildNativeWithNinja... after 1 ms [39m
> hvigor [32mFinished :aggregated_login:default@BuildNativeWithNinja... after 1 ms [39m
> hvigor [32mFinished :notice_center:default@BuildNativeWithNinja... after 1 ms [39m
> hvigor [32mFinished :feedback:default@BuildNativeWithNinja... after 1 ms [39m
> hvigor [32mFinished :app_setting:default@BuildNativeWithNinja... after 1 ms [39m
> hvigor [32mFinished :module_advertisement:default@BuildNativeWithNinja... after 1 ms [39m
> hvigor [32mUP-TO-DATE :address_management:default@ProcessLibs...  [39m
> hvigor [32mUP-TO-DATE :business_home:default@CreateHarBuildProfile...  [39m
> hvigor [32mUP-TO-DATE :business_order:default@CreateHarBuildProfile...  [39m
> hvigor [32mFinished :lib_foundation:default@BuildNativeWithCmake... after 1 ms [39m
> hvigor [32mUP-TO-DATE :aggregated_payment:default@ProcessLibs...  [39m
> hvigor [32mUP-TO-DATE :business_home:default@MergeProfile...  [39m
> hvigor [32mUP-TO-DATE :business_order:default@MergeProfile...  [39m
> hvigor [32mUP-TO-DATE :membership:default@ProcessLibs...  [39m
> hvigor [32mUP-TO-DATE :coupons:default@ProcessLibs...  [39m
> hvigor [32mUP-TO-DATE :module_auth:default@ProcessLibs...  [39m
> hvigor [32mUP-TO-DATE :collect_personal_info:default@ProcessLibs...  [39m
> hvigor [32mUP-TO-DATE :aggregated_login:default@ProcessLibs...  [39m
> hvigor [32mUP-TO-DATE :notice_center:default@ProcessLibs...  [39m
> hvigor [32mUP-TO-DATE :feedback:default@ProcessLibs...  [39m
> hvigor [32mUP-TO-DATE :app_setting:default@ProcessLibs...  [39m
> hvigor [32mUP-TO-DATE :module_advertisement:default@ProcessLibs...  [39m
> hvigor [32mUP-TO-DATE :address_management:default@DoNativeStrip...  [39m
> hvigor [32mUP-TO-DATE :entry:default@CreateBuildProfile...  [39m
> hvigor [32mFinished :business_mine:default@ConfigureCmake... after 1 ms [39m
> hvigor [32mFinished :module_template:default@ConfigureCmake... after 1 ms [39m
> hvigor [32mFinished :business_benefits:default@ConfigureCmake... after 1 ms [39m
> hvigor [32mUP-TO-DATE :aggregated_payment:default@DoNativeStrip...  [39m
> hvigor [32mUP-TO-DATE :entry:default@MergeProfile...  [39m
> hvigor [32mUP-TO-DATE :membership:default@DoNativeStrip...  [39m
> hvigor [32mUP-TO-DATE :coupons:default@DoNativeStrip...  [39m
> hvigor [32mUP-TO-DATE :module_auth:default@DoNativeStrip...  [39m
> hvigor [32mUP-TO-DATE :collect_personal_info:default@DoNativeStrip...  [39m
> hvigor [32mUP-TO-DATE :aggregated_login:default@DoNativeStrip...  [39m
> hvigor [32mUP-TO-DATE :notice_center:default@DoNativeStrip...  [39m
> hvigor [32mUP-TO-DATE :feedback:default@DoNativeStrip...  [39m
> hvigor [32mUP-TO-DATE :app_setting:default@DoNativeStrip...  [39m
> hvigor [32mUP-TO-DATE :module_advertisement:default@DoNativeStrip...  [39m
> hvigor [32mFinished :business_mine:default@BuildNativeWithCmake... after 1 ms [39m
> hvigor [32mFinished :module_template:default@BuildNativeWithCmake... after 1 ms [39m
> hvigor [32mFinished :business_benefits:default@BuildNativeWithCmake... after 1 ms [39m
> hvigor [32mFinished :lib_foundation:default@BuildNativeWithNinja... after 1 ms [39m
> hvigor [32mUP-TO-DATE :entry:default@MakePackInfo...  [39m
> hvigor [32mUP-TO-DATE :entry:default@ProcessProfile...  [39m
> hvigor [32mFinished :business_home:default@ConfigureCmake... after 1 ms [39m
> hvigor [32mFinished :business_order:default@ConfigureCmake... after 1 ms [39m
> hvigor [32mUP-TO-DATE :lib_foundation:default@ProcessLibs...  [39m
> hvigor [32mUP-TO-DATE :entry:default@ProcessResource...  [39m
> hvigor [32mFinished :business_home:default@BuildNativeWithCmake... after 1 ms [39m
> hvigor [32mFinished :business_order:default@BuildNativeWithCmake... after 1 ms [39m
> hvigor [32mUP-TO-DATE :lib_foundation:default@DoNativeStrip...  [39m
> hvigor [32mUP-TO-DATE :entry:default@CompileResource...  [39m
> hvigor [32mFinished :entry:default@ConfigureCmake... after 1 ms [39m
> hvigor [32mFinished :business_mine:default@BuildNativeWithNinja... after 1 ms [39m
> hvigor [32mFinished :module_template:default@BuildNativeWithNinja... after 1 ms [39m
> hvigor [32mFinished :business_benefits:default@BuildNativeWithNinja... after 1 ms [39m
> hvigor [32mUP-TO-DATE :entry:default@CompileArkTS...  [39m
> hvigor [32mFinished :entry:default@BuildJS... after 8 ms [39m
> hvigor [32mFinished :entry:default@BuildNativeWithCmake... after 1 ms [39m
> hvigor [32mUP-TO-DATE :business_mine:default@ProcessLibs...  [39m
> hvigor [32mUP-TO-DATE :module_template:default@ProcessLibs...  [39m
> hvigor [32mUP-TO-DATE :business_benefits:default@ProcessLibs...  [39m
> hvigor [32mUP-TO-DATE :business_mine:default@DoNativeStrip...  [39m
> hvigor [32mUP-TO-DATE :module_template:default@DoNativeStrip...  [39m
> hvigor [32mUP-TO-DATE :business_benefits:default@DoNativeStrip...  [39m
> hvigor [32mFinished :business_home:default@BuildNativeWithNinja... after 2 ms [39m
> hvigor [32mFinished :business_order:default@BuildNativeWithNinja... after 1 ms [39m
> hvigor [32mUP-TO-DATE :business_home:default@ProcessLibs...  [39m
> hvigor [32mUP-TO-DATE :business_order:default@ProcessLibs...  [39m
> hvigor [32mUP-TO-DATE :business_home:default@DoNativeStrip...  [39m
> hvigor [32mUP-TO-DATE :business_order:default@DoNativeStrip...  [39m
> hvigor [32mFinished :entry:default@BuildNativeWithNinja... after 1 ms [39m
> hvigor [32mUP-TO-DATE :entry:default@ProcessLibs...  [39m
> hvigor [32mUP-TO-DATE :entry:default@DoNativeStrip...  [39m
> hvigor [32mUP-TO-DATE :entry:default@CacheNativeLibs...  [39m
> hvigor [32mUP-TO-DATE :entry:default@GeneratePkgModuleJson...  [39m
> hvigor [32mFinished :entry:default@ProcessCompiledResources... after 1 ms [39m
> hvigor [32mUP-TO-DATE :entry:default@PackageHap...  [39m
> hvigor [32mFinished :entry:default@PackingCheck... after 8 ms [39m
> hvigor [32mFinished :entry:default@SignHap... after 3 ms [39m
> hvigor [32mFinished :entry:default@CollectDebugSymbol... after 2 ms [39m
> hvigor [32mFinished :entry:assembleHap... after 1 ms [39m
> hvigor [32mUP-TO-DATE ::MakeProjectPackInfo...  [39m
> hvigor [32mUP-TO-DATE ::ProcessProjectPrivacyProfile...  [39m
> hvigor [32mUP-TO-DATE ::GeneratePackRes...  [39m
> hvigor [32mFinished ::PackageApp... after 983 ms [39m
> hvigor [32mFinished ::SignPackagesFromApp... after 2 ms [39m
> hvigor [32mFinished ::SignApp... after 2 ms [39m
> hvigor [32mFinished ::assembleApp... after 1 ms [39m
> hvigor [32mBUILD SUCCESSFUL in 2 s 903 ms [39m

178 tasks in total: 72 executed, 106 up-to-date
[32m
Merged central compile_commands.json for C++ language server.[39m

[32mBuild completed successfully[39m

[33mEnsure the project source is trustworthy before proceeding.[39m
> hvigor [33mWARN: Will skip sign 'hos_hap'. No signingConfigs profile is configured in current project.
             If needed, configure the signingConfigs in D:\HW\testproject\complete\Express2\build-profile.json5.[39m
> hvigor [33mWARN: Will skip sign 'app'. No signingConfigs profile is configured in current project.
             If needed, configure the signingConfigs in D:\HW\testproject\complete\Express2\build-profile.json5.[39m
